Resolving dependencies...
Downloading packages...
  cli_util 0.4.2 (0.5.1 available)
  google_fonts 6.3.3 (8.1.0 available)
  matcher 0.12.19 (0.12.20 available)
  meta 1.18.0 (1.18.3 available)
  package_config 2.2.0 (3.0.0 available)
  path_provider_linux 2.2.1 (2.2.2 available)
  test_api 0.7.11 (0.7.13 available)
  vector_math 2.2.0 (2.4.0 available)
Got dependencies!
8 packages have newer versions incompatible with dependency constraints.
Try `flutter pub outdated` for more information.
Compiling lib\main.dart for the Web...                          
flutter.bat : Wasm dry run succeeded. Consider building and testing your application with the `--wasm` flag. See docs 
for more info: https://docs.flutter.dev/platform-integration/web/wasm
At line:1 char:1
+ & "Z:\flutter_windows_3.44.3-stable\flutter\bin\flutter.bat" build we ...
+ ~~~~~~~~~~~~~~~~~~~~~~~~~~~~~~~~~~~~~~~~~~~~~~~~~~~~~~~~~~~~~~~~~~~~~
    + CategoryInfo          : NotSpecified: (Wasm dry run su...ration/web/wasm:String) [], RemoteException
    + FullyQualifiedErrorId : NativeCommandError
 
Use --no-wasm-dry-run to disable these warnings.
Compiling lib\main.dart for the Web...                             48.8s
√ Built build\web
