00:00 +0: loading C:/Users/Priyajit Bhowmik/Downloads/n sage os/sage os/sage os/sage_mainframe/test/widget_test.dart
00:00 +0: App launches and shows login screen
ΓòÉΓòÉΓòí EXCEPTION CAUGHT BY WIDGETS LIBRARY Γò₧ΓòÉΓòÉΓòÉΓòÉΓòÉΓòÉΓòÉΓòÉΓòÉΓòÉΓòÉΓòÉΓòÉΓòÉΓòÉΓòÉΓòÉΓòÉΓòÉΓòÉΓòÉΓòÉΓòÉΓòÉΓòÉΓòÉΓòÉΓòÉΓòÉΓòÉΓòÉΓòÉΓòÉΓòÉΓòÉΓòÉΓòÉΓòÉΓòÉΓòÉΓòÉΓòÉΓòÉΓòÉΓòÉΓòÉΓòÉΓòÉΓòÉΓòÉΓòÉΓòÉΓòÉΓòÉΓòÉΓòÉΓòÉΓòÉΓòÉ
The following FirebaseException was thrown building LoginScreen(dirty, dependencies:
[_InheritedProviderScope<AppState?>], state: _LoginScreenState#a0e85(tickers: tracking 1 ticker)):
[core/no-app] No Firebase App '[DEFAULT]' has been created - call Firebase.initializeApp()

The relevant error-causing widget was:
  LoginScreen
  LoginScreen:file:///C:/Users/Priyajit%20Bhowmik/Downloads/n%20sage%20os/sage%20os/sage%20os/sage_mainframe/lib/main.dart:74:19

When the exception was thrown, this was the stack:
#0      MethodChannelFirebase.app (package:firebase_core_platform_interface/src/method_channel/method_channel_firebase.dart:192:5)
#1      Firebase.app (package:firebase_core/src/firebase.dart:92:41)
#2      FirebaseFirestore.instance (package:cloud_firestore/src/firestore.dart:29:21)
#3      new AppState (package:sage_mainframe/state/app_state.dart:48:33)
#4      main.<anonymous closure>.<anonymous closure> (file:///C:/Users/Priyajit%20Bhowmik/Downloads/n%20sage%20os/sage%20os/sage%20os/sage_mainframe/test/widget_test.dart:10:24)
#5      _CreateInheritedProviderState.value (package:provider/src/inherited_provider.dart:749:36)
#6      _InheritedProviderScopeElement.value (package:provider/src/inherited_provider.dart:603:33)
#7      Provider.of (package:provider/src/provider.dart:337:37)
#8      WatchContext.watch (package:provider/src/provider.dart:727:21)
#9      _LoginScreenState.build (package:sage_mainframe/main.dart:104:32)
#10     StatefulElement.build (package:flutter/src/widgets/framework.dart:5931:27)
#11     ComponentElement.performRebuild (package:flutter/src/widgets/framework.dart:5817:15)
#12     StatefulElement.performRebuild (package:flutter/src/widgets/framework.dart:5982:11)
#13     Element.rebuild (package:flutter/src/widgets/framework.dart:5529:7)
#14     ComponentElement._firstBuild (package:flutter/src/widgets/framework.dart:5799:5)
#15     StatefulElement._firstBuild (package:flutter/src/widgets/framework.dart:5973:11)
#16     ComponentElement.mount (package:flutter/src/widgets/framework.dart:5793:5)
...     Normal element mounting (260 frames)
#276    Element.inflateWidget (package:flutter/src/widgets/framework.dart:4587:20)
#277    MultiChildRenderObjectElement.inflateWidget (package:flutter/src/widgets/framework.dart:7264:36)
#278    MultiChildRenderObjectElement.mount (package:flutter/src/widgets/framework.dart:7279:32)
...     Normal element mounting (462 frames)
#740    _InheritedProviderScopeElement.mount (package:provider/src/inherited_provider.dart:424:11)
...     Normal element mounting (7 frames)
#747    SingleChildWidgetElementMixin.mount (package:nested/nested.dart:222:11)
#748    Element.inflateWidget (package:flutter/src/widgets/framework.dart:4587:20)
#749    Element.updateChild (package:flutter/src/widgets/framework.dart:4053:20)
#750    ComponentElement.performRebuild (package:flutter/src/widgets/framework.dart:5841:16)
#751    Element.rebuild (package:flutter/src/widgets/framework.dart:5529:7)
#752    ProxyElement.update (package:flutter/src/widgets/framework.dart:6149:5)
#753    _InheritedNotifierElement.update (package:flutter/src/widgets/inherited_notifier.dart:108:11)
#754    Element.updateChild (package:flutter/src/widgets/framework.dart:4037:15)
#755    ComponentElement.performRebuild (package:flutter/src/widgets/framework.dart:5841:16)
#756    StatefulElement.performRebuild (package:flutter/src/widgets/framework.dart:5982:11)
#757    Element.rebuild (package:flutter/src/widgets/framework.dart:5529:7)
#758    StatefulElement.update (package:flutter/src/widgets/framework.dart:6007:5)
#759    Element.updateChild (package:flutter/src/widgets/framework.dart:4037:15)
#760    ComponentElement.performRebuild (package:flutter/src/widgets/framework.dart:5841:16)
#761    Element.rebuild (package:flutter/src/widgets/framework.dart:5529:7)
#762    ProxyElement.update (package:flutter/src/widgets/framework.dart:6149:5)
#763    _InheritedNotifierElement.update (package:flutter/src/widgets/inherited_notifier.dart:108:11)
#764    Element.updateChild (package:flutter/src/widgets/framework.dart:4037:15)
#765    ComponentElement.performRebuild (package:flutter/src/widgets/framework.dart:5841:16)
#766    StatefulElement.performRebuild (package:flutter/src/widgets/framework.dart:5982:11)
#767    Element.rebuild (package:flutter/src/widgets/framework.dart:5529:7)
#768    StatefulElement.update (package:flutter/src/widgets/framework.dart:6007:5)
#769    Element.updateChild (package:flutter/src/widgets/framework.dart:4037:15)
#770    ComponentElement.performRebuild (package:flutter/src/widgets/framework.dart:5841:16)
#771    StatefulElement.performRebuild (package:flutter/src/widgets/framework.dart:5982:11)
#772    Element.rebuild (package:flutter/src/widgets/framework.dart:5529:7)
#773    StatefulElement.update (package:flutter/src/widgets/framework.dart:6007:5)
#774    Element.updateChild (package:flutter/src/widgets/framework.dart:4037:15)
#775    ComponentElement.performRebuild (package:flutter/src/widgets/framework.dart:5841:16)
#776    Element.rebuild (package:flutter/src/widgets/framework.dart:5529:7)
#777    ProxyElement.update (package:flutter/src/widgets/framework.dart:6149:5)
#778    Element.updateChild (package:flutter/src/widgets/framework.dart:4037:15)
#779    ComponentElement.performRebuild (package:flutter/src/widgets/framework.dart:5841:16)
#780    StatefulElement.performRebuild (package:flutter/src/widgets/framework.dart:5982:11)
#781    Element.rebuild (package:flutter/src/widgets/framework.dart:5529:7)
#782    StatefulElement.update (package:flutter/src/widgets/framework.dart:6007:5)
#783    Element.updateChild (package:flutter/src/widgets/framework.dart:4037:15)
#784    ComponentElement.performRebuild (package:flutter/src/widgets/framework.dart:5841:16)
#785    Element.rebuild (package:flutter/src/widgets/framework.dart:5529:7)
#786    ProxyElement.update (package:flutter/src/widgets/framework.dart:6149:5)
#787    Element.updateChild (package:flutter/src/widgets/framework.dart:4037:15)
#788    ComponentElement.performRebuild (package:flutter/src/widgets/framework.dart:5841:16)
#789    Element.rebuild (package:flutter/src/widgets/framework.dart:5529:7)
#790    ProxyElement.update (package:flutter/src/widgets/framework.dart:6149:5)
#791    Element.updateChild (package:flutter/src/widgets/framework.dart:4037:15)
#792    _RawViewElement._updateChild (package:flutter/src/widgets/view.dart:481:16)
#793    _RawViewElement.update (package:flutter/src/widgets/view.dart:568:5)
#794    Element.updateChild (package:flutter/src/widgets/framework.dart:4037:15)
#795    ComponentElement.performRebuild (package:flutter/src/widgets/framework.dart:5841:16)
#796    Element.rebuild (package:flutter/src/widgets/framework.dart:5529:7)
#797    StatelessElement.update (package:flutter/src/widgets/framework.dart:5895:5)
#798    Element.updateChild (package:flutter/src/widgets/framework.dart:4037:15)
#799    ComponentElement.performRebuild (package:flutter/src/widgets/framework.dart:5841:16)
#800    StatefulElement.performRebuild (package:flutter/src/widgets/framework.dart:5982:11)
#801    Element.rebuild (package:flutter/src/widgets/framework.dart:5529:7)
#802    StatefulElement.update (package:flutter/src/widgets/framework.dart:6007:5)
#803    Element.updateChild (package:flutter/src/widgets/framework.dart:4037:15)
#804    RootElement._rebuild (package:flutter/src/widgets/binding.dart:2091:16)
#805    RootElement.update (package:flutter/src/widgets/binding.dart:2069:5)
#806    RootElement.performRebuild (package:flutter/src/widgets/binding.dart:2083:7)
#807    Element.rebuild (package:flutter/src/widgets/framework.dart:5529:7)
#808    BuildScope._tryRebuild (package:flutter/src/widgets/framework.dart:2750:15)
#809    BuildScope._flushDirtyElements (package:flutter/src/widgets/framework.dart:2807:11)
#810    BuildOwner.buildScope (package:flutter/src/widgets/framework.dart:3111:18)
#811    AutomatedTestWidgetsFlutterBinding.drawFrame (package:flutter_test/src/binding.dart:2431:19)
#812    RendererBinding._handlePersistentFrameCallback (package:flutter/src/rendering/binding.dart:509:5)
#813    SchedulerBinding._invokeFrameCallback (package:flutter/src/scheduler/binding.dart:1430:15)
#814    SchedulerBinding.handleDrawFrame (package:flutter/src/scheduler/binding.dart:1345:9)
#815    AutomatedTestWidgetsFlutterBinding.pump.<anonymous closure> (package:flutter_test/src/binding.dart:2260:9)
#818    TestAsyncUtils.guard (package:flutter_test/src/test_async_utils.dart:74:41)
#819    AutomatedTestWidgetsFlutterBinding.pump (package:flutter_test/src/binding.dart:2249:27)
#820    WidgetTester.pumpWidget.<anonymous closure> (package:flutter_test/src/widget_tester.dart:598:22)
#823    TestAsyncUtils.guard (package:flutter_test/src/test_async_utils.dart:74:41)
#824    WidgetTester.pumpWidget (package:flutter_test/src/widget_tester.dart:595:27)
#825    main.<anonymous closure> (file:///C:/Users/Priyajit%20Bhowmik/Downloads/n%20sage%20os/sage%20os/sage%20os/sage_mainframe/test/widget_test.dart:8:18)
#826    testWidgets.<anonymous closure>.<anonymous closure> (package:flutter_test/src/widget_tester.dart:192:29)
<asynchronous suspension>
#827    TestWidgetsFlutterBinding._runTestBody (package:flutter_test/src/binding.dart:1952:5)
<asynchronous suspension>
<asynchronous suspension>
(elided 5 frames from dart:async and package:stack_trace)

ΓòÉΓòÉΓòÉΓòÉΓòÉΓòÉΓòÉΓòÉΓòÉΓòÉΓòÉΓòÉΓòÉΓòÉΓòÉΓòÉΓòÉΓòÉΓòÉΓòÉΓòÉΓòÉΓòÉΓòÉΓòÉΓòÉΓòÉΓòÉΓòÉΓòÉΓòÉΓòÉΓòÉΓòÉΓòÉΓòÉΓòÉΓòÉΓòÉΓòÉΓòÉΓòÉΓòÉΓòÉΓòÉΓòÉΓòÉΓòÉΓòÉΓòÉΓòÉΓòÉΓòÉΓòÉΓòÉΓòÉΓòÉΓòÉΓòÉΓòÉΓòÉΓòÉΓòÉΓòÉΓòÉΓòÉΓòÉΓòÉΓòÉΓòÉΓòÉΓòÉΓòÉΓòÉΓòÉΓòÉΓòÉΓòÉΓòÉΓòÉΓòÉΓòÉΓòÉΓòÉΓòÉΓòÉΓòÉΓòÉΓòÉΓòÉΓòÉΓòÉΓòÉΓòÉΓòÉΓòÉΓòÉΓòÉΓòÉΓòÉ
ΓòÉΓòÉΓòí EXCEPTION CAUGHT BY FLUTTER TEST FRAMEWORK Γò₧ΓòÉΓòÉΓòÉΓòÉΓòÉΓòÉΓòÉΓòÉΓòÉΓòÉΓòÉΓòÉΓòÉΓòÉΓòÉΓòÉΓòÉΓòÉΓòÉΓòÉΓòÉΓòÉΓòÉΓòÉΓòÉΓòÉΓòÉΓòÉΓòÉΓòÉΓòÉΓòÉΓòÉΓòÉΓòÉΓòÉΓòÉΓòÉΓòÉΓòÉΓòÉΓòÉΓòÉΓòÉΓòÉΓòÉΓòÉΓòÉΓòÉΓòÉΓòÉΓòÉ
The following TestFailure was thrown running a test:
Expected: at least one matching candidate
  Actual: _TextWidgetFinder:<Found 0 widgets with text "SAGE MAINFRAME v2.0": []>
   Which: means none were found but some were expected

When the exception was thrown, this was the stack:
#4      main.<anonymous closure> (file:///C:/Users/Priyajit%20Bhowmik/Downloads/n%20sage%20os/sage%20os/sage%20os/sage_mainframe/test/widget_test.dart:14:5)
<asynchronous suspension>
#5      testWidgets.<anonymous closure>.<anonymous closure> (package:flutter_test/src/widget_tester.dart:192:15)
<asynchronous suspension>
#6      TestWidgetsFlutterBinding._runTestBody (package:flutter_test/src/binding.dart:1952:5)
<asynchronous suspension>
<asynchronous suspension>
(elided one frame from package:stack_trace)

This was caught by the test expectation on the following line:
  file:///C:/Users/Priyajit%20Bhowmik/Downloads/n%20sage%20os/sage%20os/sage%20os/sage_mainframe/test/widget_test.dart line 14
The test description was:
  App launches and shows login screen
ΓòÉΓòÉΓòÉΓòÉΓòÉΓòÉΓòÉΓòÉΓòÉΓòÉΓòÉΓòÉΓòÉΓòÉΓòÉΓòÉΓòÉΓòÉΓòÉΓòÉΓòÉΓòÉΓòÉΓòÉΓòÉΓòÉΓòÉΓòÉΓòÉΓòÉΓòÉΓòÉΓòÉΓòÉΓòÉΓòÉΓòÉΓòÉΓòÉΓòÉΓòÉΓòÉΓòÉΓòÉΓòÉΓòÉΓòÉΓòÉΓòÉΓòÉΓòÉΓòÉΓòÉΓòÉΓòÉΓòÉΓòÉΓòÉΓòÉΓòÉΓòÉΓòÉΓòÉΓòÉΓòÉΓòÉΓòÉΓòÉΓòÉΓòÉΓòÉΓòÉΓòÉΓòÉΓòÉΓòÉΓòÉΓòÉΓòÉΓòÉΓòÉΓòÉΓòÉΓòÉΓòÉΓòÉΓòÉΓòÉΓòÉΓòÉΓòÉΓòÉΓòÉΓòÉΓòÉΓòÉΓòÉΓòÉΓòÉΓòÉ
ΓòÉΓòÉΓòí EXCEPTION CAUGHT BY FLUTTER TEST FRAMEWORK Γò₧ΓòÉΓòÉΓòÉΓòÉΓòÉΓòÉΓòÉΓòÉΓòÉΓòÉΓòÉΓòÉΓòÉΓòÉΓòÉΓòÉΓòÉΓòÉΓòÉΓòÉΓòÉΓòÉΓòÉΓòÉΓòÉΓòÉΓòÉΓòÉΓòÉΓòÉΓòÉΓòÉΓòÉΓòÉΓòÉΓòÉΓòÉΓòÉΓòÉΓòÉΓòÉΓòÉΓòÉΓòÉΓòÉΓòÉΓòÉΓòÉΓòÉΓòÉΓòÉΓòÉ
The following message was thrown:
Multiple exceptions (2) were detected during the running of the current test, and at least one was
unexpected.
ΓòÉΓòÉΓòÉΓòÉΓòÉΓòÉΓòÉΓòÉΓòÉΓòÉΓòÉΓòÉΓòÉΓòÉΓòÉΓòÉΓòÉΓòÉΓòÉΓòÉΓòÉΓòÉΓòÉΓòÉΓòÉΓòÉΓòÉΓòÉΓòÉΓòÉΓòÉΓòÉΓòÉΓòÉΓòÉΓòÉΓòÉΓòÉΓòÉΓòÉΓòÉΓòÉΓòÉΓòÉΓòÉΓòÉΓòÉΓòÉΓòÉΓòÉΓòÉΓòÉΓòÉΓòÉΓòÉΓòÉΓòÉΓòÉΓòÉΓòÉΓòÉΓòÉΓòÉΓòÉΓòÉΓòÉΓòÉΓòÉΓòÉΓòÉΓòÉΓòÉΓòÉΓòÉΓòÉΓòÉΓòÉΓòÉΓòÉΓòÉΓòÉΓòÉΓòÉΓòÉΓòÉΓòÉΓòÉΓòÉΓòÉΓòÉΓòÉΓòÉΓòÉΓòÉΓòÉΓòÉΓòÉΓòÉΓòÉΓòÉ
00:00 +0 -1: App launches and shows login screen [E]
  Test failed. See exception logs above.
  The test description was: App launches and shows login screen
  
00:00 +0 -1: Some tests failed.

Failing tests:
  C:/Users/Priyajit Bhowmik/Downloads/n sage os/sage os/sage os/sage_mainframe/test/widget_test.dart: App launches and shows login screen
